59
60
poor little A!
48
poor little A!
54
57
0
poor little A!
66
poor little A!
66
71
0
poor little A!
0
poor little A!
60
71
0
poor little A!
poor little A!
0
poor little A!
poor little A!
64
poor little A!
54
poor little A!
poor little A!
poor little A!
poor little A!
21
92
68
63
71
100
84
poor little A!
poor little A!
poor little A!
74
56
poor little A!
50
0
54
poor little A!
poor little A!
51
poor little A!
71
74
poor little A!
poor little A!
44
83
poor little A!
59
75
65
58
poor little A!
32
77
poor little A!
poor little A!
59
63
poor little A!
61
poor little A!
poor little A!
81
57
poor little A!
75
52
89
poor little A!
poor little A!
64
0
52
57
poor little A!
14
poor little A!
poor little A!
0
78
poor little A!
0
poor little A!
75
poor little A!
75
62
poor little A!
91
75
33
26
63
poor little A!
poor little A!
65
72
66
poor little A!
poor little A!
0
20
57
42
poor little A!
0
73
poor little A!
32
66
42
poor little A!
80
59
poor little A!
poor little A!
poor little A!
22
95
62
71
77
53
poor little A!
12
1
0
78
poor little A!
0
0
43
80
82
poor little A!
poor little A!
poor little A!
0
poor little A!
poor little A!
57
poor little A!
poor little A!
0
poor little A!
90
91
83
poor little A!
79
poor little A!
31
68
poor little A!
31
72
poor little A!
54
poor little A!
47
68
71
10
0
62
71
73
poor little A!
85
poor little A!
poor little A!
0
0
85
0
46
0
0
73
43
poor little A!
39
poor little A!
poor little A!
poor little A!
poor little A!
poor little A!
0
poor little A!
100
49
72
57
poor little A!
78
poor little A!
61
poor little A!
43
56
poor little A!
92
9
81
58
36
84
22
36
69
21
73
53
61
60
poor little A!
56
poor little A!
poor little A!
poor little A!
60
poor little A!
55
52
poor little A!
64
71
poor little A!
poor little A!
poor little A!
poor little A!
57
poor little A!
poor little A!
48
0
77
70
poor little A!
76
poor little A!
63
poor little A!
0
0
0
0
96
86
42
poor little A!
85
0
poor little A!
poor little A!
40
6
65
22
44
0
81
poor little A!
55
poor little A!
48
68
poor little A!
poor little A!
13
91
poor little A!
21
poor little A!
78
71
79
62
83
poor little A!
79
poor little A!
poor little A!
0
poor little A!
18
58
0
poor little A!
poor little A!
0
42
63
poor little A!
77
57
poor little A!
53
67
36
poor little A!
poor little A!
80
poor little A!
53
poor little A!
46
53
74
47
poor little A!
69
70
85
poor little A!
79
77
48
37
85
23
0
poor little A!
49
0
poor little A!
poor little A!
62
0
85
80
0
79
poor little A!
poor little A!
46
poor little A!
poor little A!
94
0
54
63
0
poor little A!
63
poor little A!
77
poor little A!
poor little A!
50
poor little A!
59
44
poor little A!
80
poor little A!
59
65
0
0
poor little A!
0
76
poor little A!
poor little A!
70
78
poor little A!
poor little A!
poor little A!
19
poor little A!
0
poor little A!
poor little A!
poor little A!
98
57
55
70
0
98
59
0
poor little A!
80
56
poor little A!
52
poor little A!
75
64
0
14
poor little A!
86
poor little A!
23
poor little A!
poor little A!
55
0
poor little A!
poor little A!
0
poor little A!
26
82
72
63
73
57
54
61
77
poor little A!
82
85
59
poor little A!
poor little A!
69
75
0
49
56
poor little A!
0
60
poor little A!
0
62
54
poor little A!
34
0
40
74
poor little A!
78
57
0
61
100
poor little A!
poor little A!
67
poor little A!
poor little A!
0
91
92
68
poor little A!
poor little A!
91
poor little A!
68
61
92
0
27
55
poor little A!
61
65
34
0
0
0
poor little A!
37
poor little A!
24
75
30
poor little A!
33
64
poor little A!
59
poor little A!
36
poor little A!
poor little A!
poor little A!
0
33
43
22
61
24
poor little A!
64
77
0
poor little A!
poor little A!
77
36
poor little A!
98
poor little A!
0
poor little A!
48
62
25
68
91
poor little A!
72
97
poor little A!
58
83
poor little A!
74
0
poor little A!
96
poor little A!
74
0
67
62
0
71
poor little A!
64
poor little A!
0
poor little A!
poor little A!
74
poor little A!
0
94
98
0
poor little A!
poor little A!
78
79
poor little A!
36
0
0
0
50
poor little A!
72
42
0
60
poor little A!
poor little A!
64
poor little A!
61
poor little A!
60
9
poor little A!
68
64
poor little A!
100
poor little A!
58
86
30
83
61
poor little A!
poor little A!
0
89
poor little A!
poor little A!
41
poor little A!
13
poor little A!
poor little A!
poor little A!
poor little A!
80
poor little A!
0
poor little A!
48
poor little A!
69
poor little A!
39
poor little A!
poor little A!
0
56
49
poor little A!
64
poor little A!
poor little A!
0
0
0
59
7
74
poor little A!
8
poor little A!
29
75
0
65
0
0
92
81
49
55
0
64
47
96
62
55
poor little A!
65
66
poor little A!
poor little A!
poor little A!
poor little A!
85
0
poor little A!
poor little A!
21
60
poor little A!
poor little A!
69
0
49
poor little A!
poor little A!
0
poor little A!
86
52
poor little A!
67
26
26
poor little A!
0
66
50
23
61
53
61
poor little A!
61
34
69
75
poor little A!
65
0
55
0
poor little A!
52
70
poor little A!
poor little A!
89
0
79
52
38
92
poor little A!
0
poor little A!
60
63
41
poor little A!
100
poor little A!
76
poor little A!
61
65
43
0
0
95
poor little A!
poor little A!
poor little A!
12
23
0
poor little A!
69
46
28
60
64
60
poor little A!
84
poor little A!
69
0
65
poor little A!
0
poor little A!
58
71
31
90
64
60
84
poor little A!
70
poor little A!
53
87
74
poor little A!
59
0
43
36
76
0
poor little A!
0
poor little A!
57
81
13
49
poor little A!
80
60
0
poor little A!
poor little A!
66
56
99
poor little A!
poor little A!
59
poor little A!
61
83
poor little A!
45
56
59
95
poor little A!
0
48
5
73
72
20
40
poor little A!
55
64
poor little A!
poor little A!
poor little A!
0
poor little A!
0
46
3
57
poor little A!
poor little A!
poor little A!
poor little A!
0
40
77
0
poor little A!
68
poor little A!
7
poor little A!
63
81
0
poor little A!
0
76
53
68
55
56
65
47
poor little A!
0
61
99
0
55
60
0
74
90
41
71
0
0
0
51
poor little A!
57
77
0
0
0
61
48
poor little A!
62
27
poor little A!
0
poor little A!
60
poor little A!
poor little A!
61
poor little A!
poor little A!
59
70
50
7
poor little A!
poor little A!
65
65
98
poor little A!
52
70
poor little A!
3
20
poor little A!
17
poor little A!
26
poor little A!
0
poor little A!
73
poor little A!
99
57
0
poor little A!
poor little A!
54
poor little A!
85
96
82
0
poor little A!
poor little A!
poor little A!
99
poor little A!
77
0
0
poor little A!
76
0
34
poor little A!
poor little A!
22
61
poor little A!
36
43
95
0
40
poor little A!
57
poor little A!
57
poor little A!
63
56
58
79
poor little A!
64
49
poor little A!
poor little A!
0
74
poor little A!
48
poor little A!
28
62
53
60
46
0
72
60
poor little A!
63
poor little A!
29
0
poor little A!
63
62
poor little A!
0
60
poor little A!
79
poor little A!
24
poor little A!
94
31
poor little A!
89
75
poor little A!
11
47
60
33
poor little A!
poor little A!
62
82
poor little A!
56
72
35
0
67
poor little A!
poor little A!
59
0
95
poor little A!
poor little A!
57
34
82
63
74
91
poor little A!
