99
50
poor little A!
0
poor little A!
poor little A!
37
poor little A!
26
73
poor little A!
poor little A!
20
64
poor little A!
poor little A!
poor little A!
40
poor little A!
53
poor little A!
65
78
poor little A!
75
0
poor little A!
0
poor little A!
0
0
3
92
49
0
poor little A!
51
0
62
poor little A!
99
47
poor little A!
poor little A!
19
poor little A!
poor little A!
70
56
poor little A!
0
poor little A!
45
64
poor little A!
poor little A!
55
poor little A!
poor little A!
69
0
0
poor little A!
poor little A!
62
61
0
poor little A!
60
poor little A!
poor little A!
45
0
0
poor little A!
poor little A!
0
66
poor little A!
75
poor little A!
poor little A!
68
14
0
88
0
62
poor little A!
83
poor little A!
44
39
69
34
53
poor little A!
89
92
54
53
61
poor little A!
67
0
0
70
58
75
80
62
36
0
48
92
62
66
53
26
75
83
poor little A!
34
0
poor little A!
67
poor little A!
0
82
poor little A!
poor little A!
10
11
57
46
53
poor little A!
poor little A!
52
0
poor little A!
70
63
poor little A!
37
93
38
poor little A!
52
72
66
28
35
66
42
21
17
poor little A!
56
37
poor little A!
poor little A!
87
poor little A!
poor little A!
4
0
70
0
poor little A!
93
0
50
47
poor little A!
40
0
62
75
poor little A!
0
poor little A!
99
poor little A!
83
63
38
86
41
98
0
74
57
poor little A!
15
62
0
72
27
poor little A!
poor little A!
91
59
69
70
poor little A!
68
poor little A!
89
poor little A!
0
95
poor little A!
96
12
65
0
58
79
54
67
96
poor little A!
poor little A!
poor little A!
4
44
poor little A!
40
poor little A!
poor little A!
43
86
35
poor little A!
65
34
poor little A!
poor little A!
poor little A!
poor little A!
68
43
poor little A!
61
99
36
51
47
poor little A!
65
59
13
poor little A!
45
poor little A!
0
57
96
52
poor little A!
poor little A!
10
poor little A!
poor little A!
61
0
poor little A!
poor little A!
poor little A!
22
83
41
55
65
84
48
poor little A!
42
47
59
0
60
0
46
0
0
54
100
poor little A!
0
0
62
63
poor little A!
55
82
90
99
poor little A!
59
44
poor little A!
poor little A!
67
83
61
54
80
0
61
0
71
44
poor little A!
12
0
60
poor little A!
55
72
poor little A!
79
0
12
18
poor little A!
37
58
95
82
59
0
poor little A!
poor little A!
poor little A!
poor little A!
8
0
70
76
48
34
0
poor little A!
61
56
68
0
71
83
33
43
40
65
65
62
0
68
67
poor little A!
57
59
75
21
0
39
poor little A!
62
0
poor little A!
34
53
79
67
poor little A!
0
poor little A!
poor little A!
poor little A!
70
69
1
0
0
15
poor little A!
poor little A!
70
poor little A!
poor little A!
25
71
64
58
99
42
poor little A!
0
poor little A!
poor little A!
poor little A!
poor little A!
42
0
46
48
poor little A!
poor little A!
73
78
poor little A!
95
0
poor little A!
0
0
0
89
34
poor little A!
62
poor little A!
55
49
64
poor little A!
15
70
0
poor little A!
61
72
0
poor little A!
38
poor little A!
poor little A!
53
poor little A!
94
poor little A!
poor little A!
97
91
0
poor little A!
0
34
poor little A!
poor little A!
poor little A!
poor little A!
60
33
poor little A!
74
85
poor little A!
70
poor little A!
74
poor little A!
50
80
79
0
poor little A!
poor little A!
5
0
poor little A!
0
poor little A!
83
50
68
poor little A!
22
poor little A!
97
poor little A!
34
poor little A!
poor little A!
62
poor little A!
89
poor little A!
0
poor little A!
65
0
poor little A!
0
poor little A!
poor little A!
43
poor little A!
72
33
poor little A!
poor little A!
25
poor little A!
0
88
61
poor little A!
poor little A!
37
7
poor little A!
poor little A!
poor little A!
poor little A!
poor little A!
poor little A!
56
poor little A!
67
65
poor little A!
poor little A!
68
poor little A!
poor little A!
54
0
poor little A!
22
poor little A!
poor little A!
63
poor little A!
67
66
poor little A!
38
88
poor little A!
67
7
67
97
poor little A!
poor little A!
0
poor little A!
0
79
6
poor little A!
poor little A!
52
79
83
93
0
59
48
69
poor little A!
53
poor little A!
60
poor little A!
0
poor little A!
76
70
0
0
poor little A!
poor little A!
poor little A!
0
84
78
poor little A!
0
35
57
77
71
63
83
poor little A!
poor little A!
78
40
81
62
71
83
0
poor little A!
30
74
61
poor little A!
poor little A!
poor little A!
68
poor little A!
0
64
77
57
69
82
0
poor little A!
67
0
poor little A!
0
poor little A!
69
7
0
79
0
56
49
poor little A!
76
poor little A!
72
poor little A!
poor little A!
poor little A!
poor little A!
0
poor little A!
poor little A!
60
63
8
poor little A!
poor little A!
0
poor little A!
0
0
0
42
79
83
64
poor little A!
0
41
70
79
poor little A!
34
65
63
poor little A!
poor little A!
65
66
61
2
29
poor little A!
71
44
poor little A!
62
poor little A!
60
0
poor little A!
poor little A!
57
52
poor little A!
poor little A!
66
86
47
56
poor little A!
17
68
0
63
poor little A!
poor little A!
0
poor little A!
45
poor little A!
64
56
0
49
poor little A!
65
poor little A!
55
poor little A!
0
0
57
44
20
poor little A!
70
62
75
poor little A!
poor little A!
40
55
21
36
59
44
0
poor little A!
poor little A!
24
poor little A!
poor little A!
87
poor little A!
9
61
0
poor little A!
poor little A!
0
33
96
32
poor little A!
40
0
poor little A!
98
poor little A!
poor little A!
64
0
0
poor little A!
0
64
poor little A!
poor little A!
100
11
43
poor little A!
poor little A!
65
54
poor little A!
48
0
poor little A!
52
47
64
poor little A!
97
75
poor little A!
21
65
poor little A!
54
67
47
72
poor little A!
poor little A!
63
poor little A!
95
85
poor little A!
0
80
55
52
64
0
poor little A!
poor little A!
82
64
53
poor little A!
43
0
poor little A!
63
0
50
poor little A!
94
poor little A!
58
67
60
poor little A!
62
poor little A!
98
58
0
poor little A!
poor little A!
40
poor little A!
50
poor little A!
poor little A!
50
54
0
poor little A!
poor little A!
97
71
94
15
0
0
56
poor little A!
poor little A!
77
43
poor little A!
67
68
0
60
poor little A!
poor little A!
poor little A!
72
57
55
55
poor little A!
0
poor little A!
44
poor little A!
19
poor little A!
59
57
44
97
61
0
poor little A!
0
66
poor little A!
87
18
56
0
48
poor little A!
poor little A!
poor little A!
13
poor little A!
poor little A!
86
60
poor little A!
59
poor little A!
26
poor little A!
29
80
85
51
poor little A!
1
0
52
32
poor little A!
poor little A!
90
poor little A!
52
100
76
poor little A!
0
66
58
poor little A!
50
53
69
poor little A!
poor little A!
10
poor little A!
97
62
0
13
83
54
29
poor little A!
poor little A!
52
60
poor little A!
8
poor little A!
0
poor little A!
91
0
65
76
poor little A!
68
poor little A!
83
86
75
89
58
0
70
65
63
58
33
71
64
60
65
82
65
64
61
69
poor little A!
29
60
poor little A!
poor little A!
poor little A!
poor little A!
90
69
poor little A!
56
poor little A!
37
59
47
91
poor little A!
52
55
75
poor little A!
57
poor little A!
0
61
poor little A!
poor little A!
poor little A!
60
0
62
poor little A!
83
poor little A!
56
76
0
74
0
58
poor little A!
100
0
0
