73
48
poor little A!
64
79
60
56
0
poor little A!
85
poor little A!
22
poor little A!
poor little A!
poor little A!
79
0
poor little A!
poor little A!
poor little A!
92
poor little A!
poor little A!
50
61
poor little A!
poor little A!
poor little A!
poor little A!
63
poor little A!
27
poor little A!
68
6
poor little A!
poor little A!
poor little A!
97
0
62
0
100
11
87
49
69
98
24
poor little A!
poor little A!
63
poor little A!
poor little A!
poor little A!
59
poor little A!
76
poor little A!
62
0
47
22
80
50
63
0
poor little A!
6
77
65
85
64
poor little A!
0
poor little A!
67
0
59
68
poor little A!
60
83
0
44
50
62
poor little A!
97
poor little A!
65
39
poor little A!
0
67
82
26
poor little A!
poor little A!
0
90
poor little A!
73
30
poor little A!
45
76
67
poor little A!
poor little A!
poor little A!
54
58
28
21
72
75
0
81
poor little A!
poor little A!
78
poor little A!
60
87
96
72
poor little A!
poor little A!
48
77
79
poor little A!
poor little A!
poor little A!
0
0
24
55
68
90
0
91
63
90
56
0
poor little A!
0
43
poor little A!
93
64
46
81
76
67
90
poor little A!
0
poor little A!
poor little A!
poor little A!
60
poor little A!
0
poor little A!
0
2
poor little A!
33
59
8
poor little A!
60
poor little A!
0
33
43
poor little A!
11
poor little A!
56
69
61
57
37
82
47
60
81
poor little A!
poor little A!
53
0
poor little A!
poor little A!
35
50
22
17
26
poor little A!
poor little A!
poor little A!
45
56
41
20
poor little A!
0
61
poor little A!
58
73
poor little A!
42
60
0
9
39
0
51
54
poor little A!
89
90
13
94
0
65
0
0
poor little A!
66
poor little A!
85
70
53
poor little A!
61
poor little A!
44
74
poor little A!
poor little A!
100
68
0
63
64
44
64
38
poor little A!
poor little A!
poor little A!
57
poor little A!
46
54
94
49
poor little A!
74
63
poor little A!
poor little A!
poor little A!
poor little A!
poor little A!
poor little A!
85
44
48
58
45
83
30
45
31
99
22
37
53
74
poor little A!
0
poor little A!
36
67
poor little A!
73
13
41
83
45
poor little A!
65
poor little A!
poor little A!
71
45
70
65
poor little A!
28
poor little A!
poor little A!
poor little A!
poor little A!
poor little A!
63
poor little A!
63
70
poor little A!
82
poor little A!
88
38
31
poor little A!
74
poor little A!
66
19
79
52
74
poor little A!
0
0
33
poor little A!
60
poor little A!
40
61
poor little A!
33
poor little A!
48
0
59
poor little A!
30
poor little A!
58
0
18
28
74
0
86
poor little A!
12
poor little A!
poor little A!
94
60
97
93
poor little A!
poor little A!
88
poor little A!
55
71
51
79
35
poor little A!
0
poor little A!
poor little A!
poor little A!
poor little A!
26
poor little A!
63
69
55
70
poor little A!
poor little A!
poor little A!
0
poor little A!
67
poor little A!
poor little A!
82
53
78
poor little A!
poor little A!
84
11
80
62
97
71
0
poor little A!
68
66
poor little A!
65
poor little A!
poor little A!
48
poor little A!
60
37
64
64
17
1
72
poor little A!
88
poor little A!
poor little A!
poor little A!
poor little A!
48
56
91
poor little A!
0
65
50
73
30
0
0
39
24
50
poor little A!
94
63
5
27
81
0
95
poor little A!
63
0
poor little A!
5
poor little A!
45
66
53
60
79
64
18
98
51
0
poor little A!
96
poor little A!
poor little A!
80
poor little A!
poor little A!
0
poor little A!
31
poor little A!
poor little A!
poor little A!
61
8
35
poor little A!
80
49
68
poor little A!
0
81
poor little A!
82
37
poor little A!
94
77
85
66
0
100
70
91
0
92
66
0
81
0
poor little A!
0
poor little A!
67
44
74
49
56
44
16
23
45
poor little A!
81
53
93
61
poor little A!
67
36
poor little A!
0
55
poor little A!
0
0
0
poor little A!
42
98
poor little A!
58
55
poor little A!
poor little A!
poor little A!
61
0
97
poor little A!
71
0
0
poor little A!
2
poor little A!
poor little A!
0
94
81
71
0
0
55
0
poor little A!
poor little A!
84
64
74
38
74
poor little A!
poor little A!
poor little A!
0
0
67
29
poor little A!
poor little A!
33
66
0
poor little A!
83
69
poor little A!
poor little A!
59
poor little A!
0
poor little A!
0
69
48
poor little A!
0
61
56
poor little A!
66
81
74
0
60
57
poor little A!
57
32
95
41
poor little A!
poor little A!
poor little A!
69
53
72
poor little A!
poor little A!
30
83
poor little A!
0
poor little A!
poor little A!
58
0
77
poor little A!
79
59
86
0
67
45
99
poor little A!
53
0
12
100
59
64
22
86
68
85
poor little A!
poor little A!
poor little A!
0
poor little A!
poor little A!
81
0
49
41
poor little A!
0
poor little A!
poor little A!
58
0
28
poor little A!
poor little A!
44
poor little A!
65
0
0
poor little A!
0
85
poor little A!
65
57
67
poor little A!
84
74
92
92
67
poor little A!
poor little A!
poor little A!
62
0
77
91
71
56
64
28
62
100
poor little A!
68
9
70
62
poor little A!
45
59
73
poor little A!
0
45
50
71
57
67
poor little A!
53
poor little A!
63
0
0
0
28
poor little A!
53
99
72
poor little A!
85
poor little A!
0
51
45
poor little A!
88
87
72
poor little A!
99
poor little A!
56
97
poor little A!
75
100
68
0
57
62
60
21
57
77
56
11
64
poor little A!
0
poor little A!
poor little A!
poor little A!
70
67
55
94
0
0
88
63
42
poor little A!
39
76
44
poor little A!
83
poor little A!
68
0
poor little A!
56
36
89
40
poor little A!
52
62
poor little A!
43
poor little A!
poor little A!
70
poor little A!
35
poor little A!
68
poor little A!
50
67
poor little A!
poor little A!
35
28
6
61
poor little A!
76
poor little A!
54
31
74
poor little A!
64
0
32
67
70
poor little A!
43
poor little A!
poor little A!
74
56
62
92
poor little A!
14
poor little A!
29
83
poor little A!
69
62
98
poor little A!
38
36
67
poor little A!
poor little A!
81
21
60
70
poor little A!
poor little A!
0
poor little A!
0
33
60
80
poor little A!
poor little A!
57
52
poor little A!
90
38
79
87
poor little A!
0
68
80
26
poor little A!
0
poor little A!
48
59
60
51
0
67
59
poor little A!
0
poor little A!
poor little A!
poor little A!
26
80
58
poor little A!
poor little A!
0
0
0
16
0
65
poor little A!
25
0
0
poor little A!
poor little A!
poor little A!
poor little A!
78
2
poor little A!
69
71
poor little A!
poor little A!
90
89
75
72
57
0
poor little A!
poor little A!
0
poor little A!
50
poor little A!
47
60
72
66
0
38
91
63
94
35
poor little A!
54
poor little A!
poor little A!
61
77
67
81
poor little A!
94
poor little A!
poor little A!
poor little A!
poor little A!
0
poor little A!
0
85
poor little A!
96
poor little A!
poor little A!
81
67
63
poor little A!
98
poor little A!
poor little A!
0
68
49
poor little A!
poor little A!
62
93
69
65
61
98
poor little A!
62
0
18
poor little A!
56
38
37
84
40
78
poor little A!
poor little A!
48
poor little A!
poor little A!
poor little A!
89
poor little A!
0
74
5
poor little A!
0
0
poor little A!
0
poor little A!
75
17
43
100
poor little A!
poor little A!
76
poor little A!
60
