poor little A!
poor little A!
65
62
poor little A!
poor little A!
70
0
0
poor little A!
48
poor little A!
poor little A!
62
53
poor little A!
65
62
poor little A!
poor little A!
poor little A!
1
59
55
76
98
poor little A!
poor little A!
66
70
64
0
60
poor little A!
51
66
57
98
poor little A!
poor little A!
65
64
75
poor little A!
0
48
poor little A!
poor little A!
37
poor little A!
72
51
poor little A!
81
54
poor little A!
52
poor little A!
poor little A!
77
poor little A!
0
poor little A!
poor little A!
53
poor little A!
0
poor little A!
poor little A!
poor little A!
79
94
59
poor little A!
81
40
poor little A!
poor little A!
poor little A!
53
poor little A!
poor little A!
46
83
59
poor little A!
poor little A!
poor little A!
0
77
poor little A!
63
97
poor little A!
93
poor little A!
poor little A!
0
poor little A!
97
poor little A!
poor little A!
51
0
40
73
poor little A!
44
poor little A!
56
64
poor little A!
37
64
95
poor little A!
poor little A!
22
poor little A!
65
poor little A!
16
0
21
0
poor little A!
poor little A!
poor little A!
53
poor little A!
80
60
87
poor little A!
71
50
poor little A!
21
100
poor little A!
23
6
60
64
49
poor little A!
78
53
54
90
poor little A!
61
57
57
0
poor little A!
poor little A!
0
poor little A!
0
poor little A!
poor little A!
30
poor little A!
63
4
85
poor little A!
poor little A!
0
78
0
poor little A!
59
poor little A!
89
67
95
poor little A!
51
poor little A!
poor little A!
44
0
37
poor little A!
55
0
0
96
0
poor little A!
0
poor little A!
70
51
0
73
0
94
66
94
poor little A!
0
45
85
poor little A!
61
75
54
2
0
91
74
poor little A!
21
100
0
99
poor little A!
poor little A!
47
90
0
67
91
68
73
0
poor little A!
95
poor little A!
poor little A!
0
0
94
36
57
13
60
46
poor little A!
78
poor little A!
68
56
81
82
poor little A!
poor little A!
15
77
poor little A!
11
poor little A!
44
85
64
poor little A!
poor little A!
29
82
poor little A!
poor little A!
72
60
poor little A!
66
62
72
poor little A!
63
36
50
poor little A!
poor little A!
74
26
2
93
0
36
poor little A!
83
99
76
0
0
56
67
poor little A!
poor little A!
poor little A!
97
1
98
79
poor little A!
poor little A!
0
poor little A!
poor little A!
poor little A!
poor little A!
0
56
poor little A!
poor little A!
49
poor little A!
33
93
88
poor little A!
14
0
72
poor little A!
poor little A!
97
poor little A!
95
poor little A!
poor little A!
68
0
poor little A!
80
35
poor little A!
poor little A!
0
poor little A!
0
19
0
62
59
24
30
poor little A!
37
89
80
6
56
poor little A!
0
25
70
98
23
poor little A!
poor little A!
poor little A!
poor little A!
poor little A!
poor little A!
0
51
80
0
83
53
15
62
80
poor little A!
0
56
2
5
59
50
67
29
poor little A!
61
poor little A!
57
poor little A!
0
95
70
55
84
64
poor little A!
poor little A!
poor little A!
60
91
55
poor little A!
poor little A!
62
65
32
33
60
61
0
53
poor little A!
poor little A!
poor little A!
0
poor little A!
poor little A!
0
86
poor little A!
poor little A!
0
60
0
poor little A!
73
poor little A!
32
poor little A!
68
8
poor little A!
poor little A!
85
poor little A!
84
poor little A!
poor little A!
57
poor little A!
poor little A!
0
50
68
poor little A!
0
76
62
42
53
58
0
91
0
poor little A!
0
51
poor little A!
poor little A!
75
poor little A!
73
poor little A!
23
57
82
poor little A!
54
poor little A!
68
43
poor little A!
81
80
poor little A!
0
79
poor little A!
poor little A!
59
poor little A!
poor little A!
poor little A!
poor little A!
poor little A!
59
50
poor little A!
poor little A!
60
poor little A!
13
90
poor little A!
60
16
37
63
65
poor little A!
poor little A!
26
poor little A!
22
poor little A!
0
0
poor little A!
99
poor little A!
0
poor little A!
poor little A!
0
poor little A!
poor little A!
63
poor little A!
poor little A!
0
poor little A!
poor little A!
poor little A!
poor little A!
65
poor little A!
poor little A!
poor little A!
24
poor little A!
38
89
63
76
poor little A!
82
poor little A!
poor little A!
poor little A!
61
poor little A!
27
41
poor little A!
57
72
poor little A!
poor little A!
39
28
poor little A!
84
39
75
61
poor little A!
poor little A!
66
68
poor little A!
0
57
26
72
46
poor little A!
77
62
61
0
poor little A!
poor little A!
poor little A!
57
0
0
57
0
82
poor little A!
57
poor little A!
58
61
26
67
31
0
poor little A!
64
67
poor little A!
0
poor little A!
80
62
48
62
84
poor little A!
poor little A!
39
poor little A!
69
78
poor little A!
poor little A!
poor little A!
25
89
52
58
0
93
56
poor little A!
poor little A!
71
poor little A!
87
poor little A!
poor little A!
0
44
92
80
55
poor little A!
85
75
0
58
33
poor little A!
74
0
46
100
0
poor little A!
79
0
poor little A!
0
28
poor little A!
24
89
78
poor little A!
poor little A!
67
48
33
poor little A!
57
92
80
poor little A!
0
65
73
0
poor little A!
60
poor little A!
71
56
60
poor little A!
88
poor little A!
poor little A!
71
poor little A!
24
51
0
42
6
poor little A!
49
61
0
0
55
poor little A!
35
poor little A!
poor little A!
51
98
poor little A!
28
53
0
poor little A!
75
poor little A!
64
84
76
79
poor little A!
80
82
poor little A!
95
poor little A!
64
15
99
75
81
poor little A!
59
55
poor little A!
76
poor little A!
9
0
poor little A!
83
poor little A!
66
poor little A!
poor little A!
0
36
poor little A!
48
poor little A!
84
poor little A!
0
poor little A!
14
0
93
67
75
65
83
0
poor little A!
0
71
86
60
0
56
90
8
0
poor little A!
poor little A!
poor little A!
poor little A!
30
poor little A!
55
0
76
55
0
0
poor little A!
0
poor little A!
57
poor little A!
0
poor little A!
48
88
97
62
poor little A!
0
0
poor little A!
poor little A!
19
54
49
poor little A!
10
83
17
73
poor little A!
46
poor little A!
poor little A!
0
poor little A!
80
84
71
56
0
68
poor little A!
poor little A!
90
poor little A!
poor little A!
94
76
poor little A!
poor little A!
poor little A!
0
66
59
poor little A!
poor little A!
poor little A!
poor little A!
poor little A!
poor little A!
42
poor little A!
47
9
95
54
38
poor little A!
100
poor little A!
80
70
41
24
poor little A!
poor little A!
58
poor little A!
0
55
poor little A!
0
13
68
55
poor little A!
73
77
47
poor little A!
69
66
46
82
62
66
63
50
poor little A!
46
poor little A!
poor little A!
70
53
58
poor little A!
79
poor little A!
poor little A!
poor little A!
67
12
49
2
87
poor little A!
100
80
poor little A!
poor little A!
60
29
29
49
poor little A!
35
48
poor little A!
0
poor little A!
99
79
82
57
87
0
68
poor little A!
92
56
60
0
0
72
0
58
74
73
poor little A!
75
poor little A!
0
56
50
38
0
7
73
poor little A!
poor little A!
90
73
poor little A!
0
0
81
76
poor little A!
poor little A!
poor little A!
71
76
81
89
63
poor little A!
60
poor little A!
87
24
92
poor little A!
0
69
33
0
poor little A!
15
95
71
56
57
63
poor little A!
18
65
45
poor little A!
64
43
0
53
poor little A!
94
61
0
81
poor little A!
0
63
83
71
0
33
0
41
0
82
0
44
55
poor little A!
37
65
poor little A!
poor little A!
72
0
58
poor little A!
46
poor little A!
poor little A!
90
52
92
poor little A!
0
36
24
poor little A!
58
0
37
poor little A!
61
