65
47
35
poor little A!
poor little A!
0
poor little A!
3
26
93
50
70
poor little A!
0
poor little A!
poor little A!
poor little A!
poor little A!
poor little A!
56
70
47
30
0
55
91
94
15
poor little A!
47
poor little A!
47
0
47
0
poor little A!
23
poor little A!
83
poor little A!
52
poor little A!
poor little A!
poor little A!
99
poor little A!
0
68
poor little A!
poor little A!
poor little A!
93
85
19
75
poor little A!
43
35
63
1
85
62
0
57
61
3
poor little A!
0
65
poor little A!
80
poor little A!
59
68
53
57
poor little A!
poor little A!
poor little A!
0
63
poor little A!
poor little A!
poor little A!
0
65
54
0
53
35
0
poor little A!
poor little A!
0
87
50
72
79
43
0
poor little A!
poor little A!
59
100
poor little A!
poor little A!
71
69
72
poor little A!
poor little A!
78
63
0
poor little A!
62
0
72
0
31
0
47
86
poor little A!
88
0
poor little A!
5
poor little A!
94
56
0
poor little A!
86
poor little A!
53
0
0
49
poor little A!
poor little A!
poor little A!
87
poor little A!
72
20
0
poor little A!
46
poor little A!
74
64
poor little A!
56
poor little A!
70
73
87
75
poor little A!
poor little A!
52
poor little A!
42
poor little A!
67
57
77
69
poor little A!
0
poor little A!
0
56
0
poor little A!
poor little A!
27
63
poor little A!
poor little A!
poor little A!
poor little A!
83
49
poor little A!
poor little A!
75
0
89
poor little A!
poor little A!
89
poor little A!
poor little A!
59
0
poor little A!
69
63
0
28
82
poor little A!
poor little A!
poor little A!
69
poor little A!
poor little A!
poor little A!
63
33
25
0
56
poor little A!
0
59
82
59
61
0
80
95
57
99
57
poor little A!
poor little A!
69
81
4
76
65
53
poor little A!
65
poor little A!
91
22
poor little A!
33
70
poor little A!
poor little A!
48
poor little A!
75
poor little A!
62
poor little A!
93
58
56
poor little A!
poor little A!
poor little A!
poor little A!
7
79
90
10
50
poor little A!
poor little A!
poor little A!
poor little A!
poor little A!
57
75
28
21
poor little A!
56
92
62
78
poor little A!
6
3
poor little A!
poor little A!
72
83
0
87
52
poor little A!
poor little A!
64
3
0
85
poor little A!
40
poor little A!
0
91
poor little A!
poor little A!
38
53
poor little A!
32
63
poor little A!
poor little A!
84
0
53
poor little A!
60
52
poor little A!
poor little A!
83
84
poor little A!
poor little A!
89
0
19
poor little A!
poor little A!
0
48
81
0
63
poor little A!
92
29
84
84
80
90
poor little A!
poor little A!
64
43
92
25
poor little A!
poor little A!
57
45
poor little A!
15
poor little A!
0
poor little A!
poor little A!
0
75
poor little A!
67
0
poor little A!
92
poor little A!
76
75
57
poor little A!
0
poor little A!
poor little A!
80
poor little A!
68
poor little A!
poor little A!
74
poor little A!
45
poor little A!
65
poor little A!
10
94
24
75
34
poor little A!
poor little A!
poor little A!
0
93
poor little A!
51
0
52
63
67
0
0
1
40
poor little A!
poor little A!
poor little A!
95
poor little A!
poor little A!
56
3
62
poor little A!
0
52
95
59
poor little A!
poor little A!
poor little A!
72
79
39
poor little A!
poor little A!
poor little A!
62
65
0
1
65
72
poor little A!
0
0
poor little A!
poor little A!
71
96
poor little A!
poor little A!
64
77
0
45
26
75
poor little A!
poor little A!
poor little A!
14
69
poor little A!
79
poor little A!
11
57
0
89
poor little A!
26
0
61
64
91
0
49
0
poor little A!
0
poor little A!
0
60
poor little A!
14
97
poor little A!
46
poor little A!
81
59
69
poor little A!
10
0
poor little A!
99
21
38
86
poor little A!
poor little A!
poor little A!
0
76
60
62
72
17
0
poor little A!
0
57
62
44
83
41
0
23
55
0
53
poor little A!
98
poor little A!
74
86
45
65
poor little A!
53
poor little A!
58
60
83
63
72
95
30
98
poor little A!
poor little A!
57
0
poor little A!
poor little A!
poor little A!
72
poor little A!
0
0
0
6
0
poor little A!
15
0
poor little A!
60
poor little A!
poor little A!
70
poor little A!
50
poor little A!
0
poor little A!
35
0
44
poor little A!
poor little A!
4
poor little A!
poor little A!
13
poor little A!
0
58
71
0
poor little A!
62
poor little A!
67
74
poor little A!
63
poor little A!
92
54
59
0
0
72
poor little A!
96
55
56
55
61
0
poor little A!
poor little A!
55
99
70
43
99
0
poor little A!
poor little A!
0
78
0
36
0
70
69
0
88
41
poor little A!
poor little A!
66
0
poor little A!
poor little A!
poor little A!
poor little A!
65
poor little A!
78
poor little A!
0
poor little A!
0
poor little A!
2
0
poor little A!
32
poor little A!
79
68
poor little A!
43
72
38
15
0
76
poor little A!
57
11
30
poor little A!
87
poor little A!
80
poor little A!
poor little A!
poor little A!
poor little A!
0
poor little A!
65
poor little A!
poor little A!
poor little A!
0
0
21
poor little A!
93
83
25
72
61
31
poor little A!
92
poor little A!
poor little A!
poor little A!
58
poor little A!
poor little A!
44
poor little A!
85
0
poor little A!
poor little A!
poor little A!
poor little A!
78
poor little A!
62
poor little A!
64
36
poor little A!
84
42
poor little A!
43
56
poor little A!
23
poor little A!
0
48
24
poor little A!
poor little A!
27
54
0
62
50
16
poor little A!
69
poor little A!
68
70
80
47
55
poor little A!
58
poor little A!
poor little A!
poor little A!
poor little A!
75
52
poor little A!
poor little A!
0
poor little A!
poor little A!
poor little A!
49
poor little A!
69
poor little A!
96
poor little A!
18
51
78
75
71
poor little A!
0
poor little A!
61
0
70
77
55
0
21
0
57
poor little A!
0
64
poor little A!
poor little A!
64
poor little A!
poor little A!
52
57
51
poor little A!
poor little A!
96
0
99
33
poor little A!
61
0
61
52
75
88
73
poor little A!
poor little A!
80
58
69
72
72
85
43
poor little A!
48
44
63
poor little A!
poor little A!
poor little A!
poor little A!
93
0
0
69
poor little A!
73
71
85
62
poor little A!
0
96
0
poor little A!
63
poor little A!
poor little A!
79
64
poor little A!
5
0
poor little A!
1
78
poor little A!
poor little A!
poor little A!
0
73
poor little A!
41
71
poor little A!
53
poor little A!
poor little A!
poor little A!
poor little A!
poor little A!
poor little A!
poor little A!
87
70
65
0
poor little A!
90
0
87
6
53
poor little A!
0
12
0
58
47
62
poor little A!
63
poor little A!
poor little A!
19
poor little A!
74
0
poor little A!
poor little A!
69
poor little A!
62
98
64
66
30
poor little A!
96
59
poor little A!
poor little A!
0
80
poor little A!
42
poor little A!
34
poor little A!
41
poor little A!
poor little A!
60
poor little A!
poor little A!
77
72
poor little A!
51
poor little A!
50
poor little A!
poor little A!
89
58
60
93
0
15
60
poor little A!
54
0
poor little A!
poor little A!
poor little A!
poor little A!
0
poor little A!
63
poor little A!
5
19
87
poor little A!
12
83
0
16
poor little A!
poor little A!
55
0
poor little A!
0
61
66
3
poor little A!
0
0
51
0
63
50
poor little A!
52
74
0
poor little A!
39
23
poor little A!
66
poor little A!
poor little A!
poor little A!
poor little A!
6
20
poor little A!
68
82
poor little A!
65
65
8
0
poor little A!
0
98
34
poor little A!
0
poor little A!
79
77
42
poor little A!
70
56
poor little A!
31
32
poor little A!
68
51
poor little A!
0
16
65
poor little A!
75
48
61
61
poor little A!
55
79
37
68
58
64
poor little A!
0
0
0
