poor little A!
93
poor little A!
0
82
poor little A!
57
69
poor little A!
79
poor little A!
49
4
45
65
poor little A!
72
0
poor little A!
poor little A!
54
poor little A!
56
poor little A!
poor little A!
70
poor little A!
0
63
0
66
72
poor little A!
poor little A!
poor little A!
poor little A!
poor little A!
poor little A!
95
58
65
100
poor little A!
0
poor little A!
poor little A!
58
poor little A!
65
48
62
4
92
57
80
80
0
poor little A!
poor little A!
70
90
poor little A!
57
poor little A!
63
poor little A!
37
poor little A!
poor little A!
0
66
43
78
poor little A!
poor little A!
36
poor little A!
42
25
poor little A!
69
63
67
68
50
80
84
75
72
poor little A!
5
poor little A!
0
49
60
poor little A!
64
86
24
62
poor little A!
poor little A!
58
74
poor little A!
poor little A!
75
poor little A!
poor little A!
56
poor little A!
0
30
52
86
23
78
poor little A!
56
poor little A!
57
0
36
poor little A!
47
90
72
poor little A!
0
poor little A!
45
67
82
86
30
43
poor little A!
63
59
58
0
36
56
47
0
poor little A!
37
75
poor little A!
poor little A!
poor little A!
poor little A!
poor little A!
82
poor little A!
56
45
poor little A!
0
0
poor little A!
50
poor little A!
90
78
54
0
86
37
poor little A!
96
poor little A!
85
0
0
67
poor little A!
poor little A!
70
poor little A!
67
75
poor little A!
98
57
50
0
poor little A!
0
poor little A!
poor little A!
71
poor little A!
0
poor little A!
72
30
45
0
50
62
42
poor little A!
94
poor little A!
57
79
0
poor little A!
85
94
7
45
74
59
61
90
51
53
63
59
poor little A!
poor little A!
94
poor little A!
30
33
94
poor little A!
76
29
73
poor little A!
poor little A!
84
61
56
73
poor little A!
poor little A!
40
poor little A!
poor little A!
poor little A!
47
poor little A!
poor little A!
69
poor little A!
73
66
63
poor little A!
poor little A!
76
1
poor little A!
63
82
56
poor little A!
47
60
39
61
70
43
54
poor little A!
53
62
0
59
53
77
poor little A!
62
19
97
poor little A!
56
53
61
0
poor little A!
poor little A!
poor little A!
poor little A!
poor little A!
79
poor little A!
82
29
17
poor little A!
37
84
86
0
poor little A!
34
74
87
55
0
64
54
poor little A!
50
62
69
38
poor little A!
poor little A!
poor little A!
poor little A!
poor little A!
43
67
poor little A!
51
poor little A!
57
67
53
24
poor little A!
0
63
73
0
0
poor little A!
32
64
33
0
poor little A!
42
poor little A!
72
poor little A!
15
0
poor little A!
53
73
27
65
45
48
37
90
87
46
61
55
poor little A!
67
0
0
0
63
57
poor little A!
60
91
53
41
50
64
poor little A!
75
0
54
poor little A!
2
0
poor little A!
poor little A!
54
poor little A!
0
poor little A!
poor little A!
0
60
14
0
32
poor little A!
56
68
72
90
76
poor little A!
53
poor little A!
85
poor little A!
77
86
poor little A!
poor little A!
poor little A!
77
70
80
92
47
57
0
0
poor little A!
poor little A!
9
51
69
43
44
87
poor little A!
0
24
poor little A!
poor little A!
poor little A!
67
56
poor little A!
51
96
poor little A!
63
poor little A!
62
55
34
49
poor little A!
26
20
poor little A!
poor little A!
70
poor little A!
91
0
poor little A!
poor little A!
poor little A!
71
35
poor little A!
79
0
poor little A!
48
0
poor little A!
82
poor little A!
poor little A!
poor little A!
61
poor little A!
poor little A!
44
poor little A!
80
poor little A!
97
0
poor little A!
62
poor little A!
0
75
88
65
67
0
72
0
81
poor little A!
79
30
poor little A!
poor little A!
poor little A!
89
0
51
69
74
0
0
84
55
32
0
68
30
50
poor little A!
80
poor little A!
poor little A!
59
53
73
poor little A!
87
96
poor little A!
86
62
66
0
58
poor little A!
59
poor little A!
98
59
0
0
poor little A!
49
92
poor little A!
54
poor little A!
poor little A!
62
poor little A!
58
0
poor little A!
79
41
50
0
0
17
poor little A!
69
85
56
0
poor little A!
71
93
79
68
poor little A!
poor little A!
69
poor little A!
54
0
0
6
25
98
0
poor little A!
poor little A!
0
0
33
78
6
51
81
94
poor little A!
0
62
0
63
0
35
0
69
94
67
64
58
0
66
36
84
0
0
poor little A!
39
62
31
82
46
43
66
40
93
60
poor little A!
49
68
poor little A!
poor little A!
53
poor little A!
46
100
93
poor little A!
poor little A!
73
poor little A!
60
63
poor little A!
63
0
75
47
72
poor little A!
100
10
poor little A!
73
19
poor little A!
47
poor little A!
poor little A!
poor little A!
38
poor little A!
poor little A!
poor little A!
poor little A!
38
poor little A!
poor little A!
poor little A!
67
70
poor little A!
66
poor little A!
49
81
poor little A!
77
38
70
64
55
poor little A!
50
84
poor little A!
61
poor little A!
poor little A!
poor little A!
0
55
21
0
73
60
59
95
93
0
73
0
40
48
poor little A!
71
25
81
41
0
11
42
poor little A!
62
0
poor little A!
62
poor little A!
poor little A!
poor little A!
82
poor little A!
74
poor little A!
64
59
51
89
0
poor little A!
77
57
76
poor little A!
100
0
44
poor little A!
94
85
poor little A!
78
49
66
poor little A!
72
71
88
53
poor little A!
61
74
57
57
poor little A!
41
60
51
11
poor little A!
poor little A!
42
21
80
68
97
poor little A!
53
61
0
0
32
poor little A!
56
87
poor little A!
0
53
0
poor little A!
poor little A!
poor little A!
0
poor little A!
55
49
45
80
60
0
77
0
82
44
29
poor little A!
0
90
73
poor little A!
57
70
poor little A!
0
56
poor little A!
31
83
80
poor little A!
poor little A!
poor little A!
poor little A!
78
55
71
poor little A!
11
poor little A!
62
85
69
88
poor little A!
76
98
40
66
65
poor little A!
62
0
poor little A!
0
0
26
61
84
60
92
poor little A!
49
poor little A!
31
poor little A!
95
0
poor little A!
poor little A!
72
poor little A!
78
61
34
68
poor little A!
poor little A!
88
poor little A!
51
poor little A!
poor little A!
88
70
55
38
67
poor little A!
34
poor little A!
poor little A!
36
60
66
poor little A!
67
62
poor little A!
poor little A!
60
poor little A!
77
47
poor little A!
19
poor little A!
40
73
poor little A!
44
0
84
65
poor little A!
52
poor little A!
poor little A!
61
poor little A!
poor little A!
poor little A!
51
29
0
poor little A!
poor little A!
0
poor little A!
0
poor little A!
89
poor little A!
62
32
poor little A!
97
100
0
18
poor little A!
57
60
poor little A!
1
poor little A!
16
poor little A!
poor little A!
24
0
poor little A!
poor little A!
90
0
58
poor little A!
0
poor little A!
61
poor little A!
71
poor little A!
41
0
poor little A!
44
0
90
0
0
poor little A!
poor little A!
poor little A!
84
poor little A!
poor little A!
0
poor little A!
poor little A!
0
84
44
64
poor little A!
72
54
poor little A!
97
67
49
poor little A!
51
poor little A!
poor little A!
70
poor little A!
poor little A!
poor little A!
0
poor little A!
28
66
53
0
48
50
58
poor little A!
poor little A!
47
48
poor little A!
0
poor little A!
poor little A!
86
79
poor little A!
poor little A!
poor little A!
0
77
34
26
56
poor little A!
poor little A!
73
76
47
96
39
poor little A!
poor little A!
0
68
54
24
poor little A!
