81
poor little A!
poor little A!
98
53
poor little A!
59
47
85
4
57
47
poor little A!
poor little A!
0
80
poor little A!
40
poor little A!
55
61
100
59
74
0
0
70
75
86
80
21
84
42
poor little A!
0
65
65
poor little A!
73
69
96
96
16
72
poor little A!
poor little A!
poor little A!
poor little A!
poor little A!
0
poor little A!
0
57
72
43
40
51
poor little A!
90
73
4
56
poor little A!
poor little A!
51
88
71
71
poor little A!
86
poor little A!
poor little A!
0
0
93
poor little A!
76
6
0
58
poor little A!
56
poor little A!
poor little A!
5
poor little A!
poor little A!
poor little A!
69
poor little A!
54
77
poor little A!
59
poor little A!
80
46
poor little A!
73
poor little A!
poor little A!
46
6
59
65
poor little A!
poor little A!
poor little A!
poor little A!
80
poor little A!
52
60
poor little A!
66
poor little A!
64
0
poor little A!
100
poor little A!
0
81
poor little A!
79
95
44
100
61
76
poor little A!
85
poor little A!
poor little A!
poor little A!
poor little A!
poor little A!
poor little A!
55
32
poor little A!
poor little A!
poor little A!
30
0
poor little A!
58
32
4
poor little A!
61
0
poor little A!
0
88
16
93
poor little A!
89
poor little A!
12
59
poor little A!
42
0
46
poor little A!
65
39
67
poor little A!
98
poor little A!
poor little A!
72
96
61
53
64
poor little A!
30
poor little A!
poor little A!
43
77
96
poor little A!
75
93
94
0
poor little A!
41
12
14
50
52
84
42
99
0
poor little A!
31
poor little A!
0
poor little A!
poor little A!
poor little A!
0
78
52
69
poor little A!
0
57
1
0
57
0
poor little A!
poor little A!
17
96
92
85
56
84
56
poor little A!
89
poor little A!
poor little A!
0
76
poor little A!
poor little A!
poor little A!
46
49
24
0
38
55
94
47
81
0
poor little A!
poor little A!
75
74
0
5
poor little A!
51
poor little A!
75
poor little A!
poor little A!
poor little A!
50
poor little A!
poor little A!
poor little A!
0
poor little A!
poor little A!
50
71
68
57
poor little A!
62
poor little A!
49
4
56
29
87
poor little A!
48
60
40
74
76
poor little A!
77
poor little A!
0
poor little A!
poor little A!
61
poor little A!
51
0
poor little A!
37
82
poor little A!
62
0
22
85
poor little A!
poor little A!
0
poor little A!
poor little A!
41
poor little A!
69
73
poor little A!
poor little A!
0
48
poor little A!
77
poor little A!
0
0
0
poor little A!
89
0
23
95
poor little A!
poor little A!
poor little A!
0
poor little A!
0
53
36
0
poor little A!
78
poor little A!
9
43
76
poor little A!
poor little A!
poor little A!
poor little A!
77
92
0
58
poor little A!
18
0
75
67
0
71
56
poor little A!
95
62
61
0
poor little A!
63
poor little A!
42
0
poor little A!
poor little A!
58
40
poor little A!
57
36
poor little A!
49
85
0
poor little A!
0
poor little A!
poor little A!
41
56
57
poor little A!
0
poor little A!
poor little A!
poor little A!
0
65
poor little A!
0
poor little A!
65
46
0
94
81
poor little A!
39
73
poor little A!
63
54
poor little A!
poor little A!
81
poor little A!
55
poor little A!
poor little A!
61
poor little A!
poor little A!
poor little A!
0
91
0
poor little A!
14
0
71
poor little A!
poor little A!
19
73
78
poor little A!
poor little A!
0
87
79
84
poor little A!
65
0
poor little A!
0
1
41
61
47
78
65
poor little A!
0
49
89
63
poor little A!
64
poor little A!
0
22
88
poor little A!
73
70
74
poor little A!
61
16
71
20
50
0
0
poor little A!
49
poor little A!
0
poor little A!
poor little A!
poor little A!
39
89
poor little A!
0
0
76
0
poor little A!
poor little A!
70
68
poor little A!
poor little A!
20
poor little A!
poor little A!
67
70
poor little A!
64
poor little A!
69
poor little A!
poor little A!
94
poor little A!
60
0
0
81
81
poor little A!
0
72
poor little A!
0
poor little A!
poor little A!
81
53
poor little A!
55
44
85
0
34
poor little A!
82
poor little A!
49
73
41
0
poor little A!
poor little A!
0
poor little A!
poor little A!
85
poor little A!
81
53
poor little A!
55
58
poor little A!
poor little A!
72
poor little A!
poor little A!
67
0
0
33
0
poor little A!
55
poor little A!
0
10
61
50
31
poor little A!
poor little A!
poor little A!
62
85
72
23
96
poor little A!
44
60
66
72
0
62
0
poor little A!
poor little A!
poor little A!
61
73
poor little A!
65
poor little A!
71
poor little A!
0
69
63
55
poor little A!
0
27
0
61
poor little A!
poor little A!
poor little A!
50
0
69
38
74
90
poor little A!
23
68
62
84
poor little A!
52
83
54
70
76
55
poor little A!
0
69
77
68
40
47
60
51
0
18
99
72
48
69
52
poor little A!
poor little A!
88
67
poor little A!
14
poor little A!
poor little A!
52
poor little A!
78
51
poor little A!
66
76
poor little A!
poor little A!
0
0
55
58
poor little A!
poor little A!
17
61
49
poor little A!
16
2
45
0
poor little A!
88
0
poor little A!
poor little A!
poor little A!
poor little A!
75
44
poor little A!
61
poor little A!
58
poor little A!
65
poor little A!
18
54
0
poor little A!
poor little A!
42
58
39
79
56
68
26
0
42
67
0
55
79
65
poor little A!
poor little A!
poor little A!
71
60
poor little A!
poor little A!
59
poor little A!
49
90
54
71
poor little A!
poor little A!
49
poor little A!
57
70
poor little A!
59
70
36
76
poor little A!
63
65
73
0
70
poor little A!
poor little A!
poor little A!
poor little A!
poor little A!
26
95
poor little A!
69
poor little A!
90
35
10
poor little A!
poor little A!
poor little A!
28
57
poor little A!
poor little A!
poor little A!
31
poor little A!
poor little A!
poor little A!
61
poor little A!
poor little A!
73
0
30
55
poor little A!
67
0
21
0
61
11
poor little A!
89
65
poor little A!
0
74
69
0
poor little A!
poor little A!
poor little A!
0
poor little A!
85
poor little A!
87
40
95
90
0
63
poor little A!
poor little A!
46
38
0
36
57
poor little A!
poor little A!
0
95
55
0
64
poor little A!
54
96
poor little A!
0
17
poor little A!
5
poor little A!
poor little A!
53
0
80
poor little A!
44
81
0
0
poor little A!
53
0
poor little A!
59
poor little A!
poor little A!
83
0
poor little A!
poor little A!
poor little A!
33
8
48
46
poor little A!
poor little A!
0
poor little A!
47
4
68
93
71
0
64
poor little A!
68
0
49
poor little A!
44
poor little A!
56
100
0
0
31
48
poor little A!
73
63
63
76
45
56
21
54
100
24
poor little A!
49
49
56
82
poor little A!
60
54
79
81
45
78
54
76
60
86
86
0
poor little A!
poor little A!
11
poor little A!
poor little A!
0
poor little A!
poor little A!
poor little A!
15
35
88
poor little A!
81
71
poor little A!
poor little A!
72
60
63
0
71
poor little A!
poor little A!
40
poor little A!
24
poor little A!
26
62
98
poor little A!
poor little A!
poor little A!
5
29
85
49
32
poor little A!
poor little A!
poor little A!
70
55
77
96
poor little A!
poor little A!
40
62
66
poor little A!
poor little A!
45
71
83
poor little A!
100
poor little A!
66
poor little A!
23
44
83
poor little A!
38
0
58
52
0
poor little A!
52
61
69
poor little A!
75
63
0
0
82
poor little A!
60
5
poor little A!
poor little A!
79
poor little A!
56
79
poor little A!
poor little A!
28
29
97
poor little A!
56
poor little A!
18
0
53
63
56
95
88
poor little A!
62
poor little A!
82
97
66
66
