-1
NNNNNNNNN
NNNNNNY
-1
NNNNNNNNN
NNNNNNNNNNNNNNNNNNNNNNNNNNNNNNNNNNNNNNNNNNNNNNNNNN
-1
-1
-1
NNNNNY
NNNNNNY
-1
NYYNNYN
NYNNYNY
NNNNNNNNNNNNNNNNNNNNNNNNNNNNNNNNNNNNNNNNNNNNYYNNYN
NNNNNNNNNNNNNNNNNNNNNNNNNNNNNNNNNNNNNNNNNNNNNYYNNY
NNNNNNNNNNNNNNNNNNNNNNNNNNNNNNNNNNNNNNNNNNNNNYNNNN
NNNNNNNNNNNNNNNNNNNNNNNNNNNNNNNNNNNNNNNNNNNNNNNYNY
NNNNNNNNNNNNNNNNNNNNNNNNNNNNNNNNNNN
