YY
N
YY
Y
N
NNYYYYNYYY
YYYYY
YY
YYNYYYYYYYYYYYYYYYYYYYYYYYYYYY
Y
NNNNNNNNYNNNNNYNYNNNYYNYNYYNN
YYNYNNYNYNNNNNNYYNNNYNNNNNNNYNNNNY
YNNYNNNYYYNYNNYYYNYYNYNYNYYYNNYNYYNYYYNNYNYYYYNYYY
YNYNNNYNNNNNYNNYYNNYYYYNNNNNNNNNNYNYYNYNNNNNNNNNNN
YYYYNYYYYYYYYYYYYYNYYYNYYYYYNYYNYYYYYYYYYY
YNYNN
NNNYNYNNNNNYNYYYNNYNNNYNNYYNYYYNNYNNYYYNNNN
YYYNYYNYNNYNNYNNNYYYNNNNNNNYYNNNYYYYYYYYY
NNNNNNNNNNNNNNNNNNNNNNNNNNNNNNNNNNNNNNNNNNNNNNNNNN
NNNNNNNNYNNYNYNNNYNNYNNYYYNNYNYNNNYYNNNNNNNNYNNYYN
-1
-1
-1
NNNNNNNNNNNNNNNNNNNNNNNNNNNNNNNNNNNNNNNNNNNNNNNNNN
NNNNNNNNNNNNNNNNYNNNNNNNNNYNNNNNNNNNNNNNNNNNNNNYNY
NNYYNYNYNYNYNNNYNYYYNNNNYYYNNNYNNNYNYNNYYYYNYNNNYY
NNNNNNNNNNNNNNNNNNYNNNNNNNNNNNNNNNNNNYNNNNNNNNNYNN
NNYYYYYYYYYYYYYYNYNNYNYYYYYYNNYYYYYYNYYYYNYYYYYYYY
NNNNNNNNNNNNNNNNNNNNNNNNNNNNNNNNNNNNNNNNNNNNNNNNNN
NNNNNNNNNNNYYNNNNNNNNNYNNNNNNNNNYNNNYNNNYNNYNNNNNN
NNNNYNNNNNNNNYYNNNNNNNNNNNYNYNNYYYYNNYNNYNNNNNNNNN
NNNNNNNYNNNNNNNNNNNNNNNNNNNNNNNNNNNNNNNNNNNNNNNNNN
-1
-1
-1
NNNNNNNNNNYNNNYNNNNYNNNNNNNNNNNNYNNNNNNNNNNNNNNNNN
NNNNNNNNNNYNYNNYNNYNNNNNNNNNNNNNNNNNNNNNNNYNNYNNNN
NNNNNNNNNNNNNNNNNNNNNNNNYNNNNNNNNNNNNNNNYNNNNNNNNN
NYNNYNYNNYYNNYYYNYYYYYNNYNYYYYNYYNNNNNYYNYYNNNNYNY
NNNNNNNYNNNNNNNYNNNNNNNNNNNNNNNNNNNNNNNNNNNNNNNNNN
NNNNNYNNNNYYNNYNYNYYNNNNNNNNNNNNYNNYNNYNNNNNYNNNNN
NNNNNNNNNNNNNNNNNNNNNNNNNNNNNNNNNNNNNNNNNNNNNNNNNN
NYYNNYYYYNYYYYYYYNYYNYNNYYYYNNYNYNYNNYYNNYYYNYYYNN
NNNNNNNNNYNNNNNNNNNNNNNNNNNNNNNNNNNNNNNNNNNNNNNNNN
-1
-1
-1
N
